Op#	ALUSel	InputA		InputB		ALU_Output
				
				
				
				
